// Jest Snapshot v1, https://goo.gl/fbAQLP

exports[`app should be match to snapshot 1`] = `ShallowWrapper {}`;
